[36mvite v7.3.1 [32mbuilding client environment for production...[36m[39m
transforming...
[32mΓ£ô[39m 18 modules transformed.
node.exe : 
[31mΓ£ù[39m Build 
failed in 307ms
At C:\Program Files\no
dejs\npx.ps1:29 char:3
+   & $NODE_EXE 
$NPX_CLI_JS $args
+   ~~~~~~~~~~~~~~~~~~
~~~~~~~~~~~
    + CategoryInfo    
          : NotSpeci  
  fied: ([31mΓ£ù[   
 39m Build failed     
in 307ms:String)     
[], RemoteExcepti    
on
    + FullyQualifiedE 
   rrorId : NativeCo  
  mmandError
 
[31merror during 
build:
[31m[vite:css] 
[postcss] It looks 
like you're trying to 
use `tailwindcss` 
directly as a PostCSS 
plugin. The PostCSS 
plugin has moved to a 
separate package, so 
to continue using 
Tailwind CSS with 
PostCSS you'll need 
to install `@tailwindc
ss/postcss` and 
update your PostCSS 
configuration.[31m
file: [36mC:/Users/sr
ike/OneDrive/Desktop/O
nline-Product-Price-In
telligence-System/fron
tend/src/index.css:und
efined:NaN[31m
    at at (C:\Users\sr
ike\OneDrive\Desktop\O
nline-Product-Price-In
telligence-System\fron
tend\node_modules\tail
windcss\dist\lib.js:38
:1643)
    at 
LazyResult.runOnRoot (
C:\Users\srike\OneDriv
e\Desktop\Online-Produ
ct-Price-Intelligence-
System\frontend\node_m
odules\postcss\lib\laz
y-result.js:361:16)
    at 
LazyResult.runAsync (C
:\Users\srike\OneDrive
\Desktop\Online-Produc
t-Price-Intelligence-S
ystem\frontend\node_mo
dules\postcss\lib\lazy
-result.js:290:26)
    at async 
runPostCSS (file:///C:
/Users/srike/OneDrive/
Desktop/Online-Product
-Price-Intelligence-Sy
stem/frontend/node_mod
ules/vite/dist/node/ch
unks/config.js:30145:1
9)
    at async 
compilePostCSS (file:/
//C:/Users/srike/OneDr
ive/Desktop/Online-Pro
duct-Price-Intelligenc
e-System/frontend/node
_modules/vite/dist/nod
e/chunks/config.js:301
29:6)
    at async 
compileCSS (file:///C:
/Users/srike/OneDrive/
Desktop/Online-Product
-Price-Intelligence-Sy
stem/frontend/node_mod
ules/vite/dist/node/ch
unks/config.js:30059:2
6)
    at async 
Object.handler (file:/
//C:/Users/srike/OneDr
ive/Desktop/Online-Pro
duct-Price-Intelligenc
e-System/frontend/node
_modules/vite/dist/nod
e/chunks/config.js:295
92:54)
    at async 
transform (file:///C:/
Users/srike/OneDrive/D
esktop/Online-Product-
Price-Intelligence-Sys
tem/frontend/node_modu
les/rollup/dist/es/sha
red/node-entry.js:2126
9:16)
    at async ModuleLoa
der.addModuleSource (f
ile:///C:/Users/srike/
OneDrive/Desktop/Onlin
e-Product-Price-Intell
igence-System/frontend
/node_modules/rollup/d
ist/es/shared/node-ent
ry.js:21497:36)[39m
